###############################################################################
#                                                                             #
# Calypsi linker for 65816                                        version 5.2 #
#                                                       24/Feb/2024  16:03:27 #
# Command line: --target=Foenix linker/c256-fmx-plain.scm                     #
#               --output-format=pgz obj/example_basic.o obj/pmalloc.o -o      #
#               pmalloc.pgz clib-lc-ld-foenix.a --cross-reference --rtattr    #
#               printf=nofloat --rtattr cstartup=Foenix                       #
#               --list-file=pmalloc.lst                                       #
#                                                                             #
###############################################################################

####################
#                  #
# Memories summary #
#                  #
####################

Name                    Range         Size    Used    Checksum  Largest unallocated
-----------------------------------------------------------------------------------
LoMem-tiny              002100-0021ff 000100    7.8%  none      0000ec
LoMem                   002200-007fff 005e00   17.4%  none      004da2
  > LoMem-code          002200-00225d 00005e  100.0%  none      none
  > LoMem-nobits        00225e-00325d 001000  100.0%  none      004da2
Vector                  00ffe4-00ffff 00001c    0.0%  none      00001c
Banks-01                010000-01ffff 010000   19.6%  none      00cdc5
  > Banks-01-far-bits   010000-0101a2 0001a3  100.0%  none      none
  > Banks-01-far-nobits 0101a3-010325 000183  100.0%  none      none
  > Banks-01-farcode    010326-01323a 002f15  100.0%  none      00cdc5
Banks-02                020000-02ffff 010000    0.0%  none      00fff6
  > Banks-02-far-cbits  020000-020009 00000a  100.0%  none      00fff6
Banks-03                030000-03ffff 010000    0.0%  none      010000
Banks-04                040000-04ffff 010000    0.0%  none      010000
Banks-05                050000-05ffff 010000    0.0%  none      010000
Banks-06                060000-06ffff 010000    0.0%  none      010000
Banks-07                070000-07ffff 010000    0.0%  none      010000
Banks-08                080000-08ffff 010000    0.0%  none      010000
Banks-09                090000-09ffff 010000    0.0%  none      010000
Banks-0a                0a0000-0affff 010000    0.0%  none      010000
Banks-0b                0b0000-0bffff 010000    0.0%  none      010000
Banks-0c                0c0000-0cffff 010000    0.0%  none      010000
Banks-0d                0d0000-0dffff 010000    0.0%  none      010000
Banks-0e                0e0000-0effff 010000    0.0%  none      010000
Banks-0f                0f0000-0fffff 010000    0.0%  none      010000
Banks-10                100000-10ffff 010000    0.0%  none      010000
Banks-11                110000-11ffff 010000    0.0%  none      010000
Banks-12                120000-12ffff 010000    0.0%  none      010000
Banks-13                130000-13ffff 010000    0.0%  none      010000
Banks-14                140000-14ffff 010000    0.0%  none      010000
Banks-15                150000-15ffff 010000    0.0%  none      010000
Banks-16                160000-16ffff 010000    0.0%  none      010000
Banks-17                170000-17ffff 010000    0.0%  none      010000
Banks-18                180000-18ffff 010000    0.0%  none      010000
Banks-19                190000-19ffff 010000    0.0%  none      010000
Banks-1a                1a0000-1affff 010000    0.0%  none      010000
Banks-1b                1b0000-1bffff 010000    0.0%  none      010000
Banks-1c                1c0000-1cffff 010000    0.0%  none      010000
Banks-1d                1d0000-1dffff 010000    0.0%  none      010000
Banks-1e                1e0000-1effff 010000    0.0%  none      010000
Banks-1f                1f0000-1fffff 010000    0.0%  none      010000
Banks-20                200000-20ffff 010000    0.0%  none      010000
Banks-21                210000-21ffff 010000    0.0%  none      010000
Banks-22                220000-22ffff 010000    0.0%  none      010000
Banks-23                230000-23ffff 010000    0.0%  none      010000
Banks-24                240000-24ffff 010000    0.0%  none      010000
Banks-25                250000-25ffff 010000    0.0%  none      010000
Banks-26                260000-26ffff 010000    0.0%  none      010000
Banks-27                270000-27ffff 010000    0.0%  none      010000
Banks-28                280000-28ffff 010000    0.0%  none      010000
Banks-29                290000-29ffff 010000    0.0%  none      010000
Banks-2a                2a0000-2affff 010000    0.0%  none      010000
Banks-2b                2b0000-2bffff 010000    0.0%  none      010000
Banks-2c                2c0000-2cffff 010000    0.0%  none      010000
Banks-2d                2d0000-2dffff 010000    0.0%  none      010000
Banks-2e                2e0000-2effff 010000    0.0%  none      010000
Banks-2f                2f0000-2fffff 010000    0.0%  none      010000
Heap                    300000-3fffff 100000    0.0%  none      100000
palettes                af2000-af3fff 002000    0.0%  none      002000
vram                    b00000-efffff 400000    0.0%  none      400000


####################
#                  #
# Sections summary #
#                  #
####################

Name            Range          Size    Memory              Fragments
--------------------------------------------------------------------
registers       002100-002113  000014  LoMem-tiny          1
code            002200-00225d  00005e  LoMem-code          5
heap            00225e-00325d  001000  LoMem-nobits        1
cfar            010000-0100ae  0000af  Banks-01-far-bits   13
switch          0100af-0100de  000030  Banks-01-far-bits   2
cfar            0100df-0101a2  0000c4  Banks-01-far-bits   5
zfar            0101a3-010325  000183  Banks-01-far-nobits 10
farcode         010326-01323a  002f15  Banks-01-farcode    100
data_init_table 020000-020009  00000a  Banks-02-far-cbits  1


###################
#                 #
# Placement rules #
#                 #
###################

Name                  Address range  Key
----------------------------------------------------------------------
Banks-01              010000-01ffff  Near
  Banks-01-far-bits   010000-01ffff  Far and RODATA
    > data_init_table, cfar and switch
  Banks-01-far-nobits 010000-01ffff  Far and BSS
    > zfar
  Banks-01-farcode    010000-01ffff  FarFunction and TEXT
    > farcode
Banks-02              020000-02ffff  Far
  Banks-02-farcode    020000-02ffff  FarFunction and TEXT
    > farcode
  Banks-02-far-nobits 020000-02ffff  Far and BSS
    > zfar
  Banks-02-far-cbits  020000-02ffff  Far and RODATA
    > data_init_table, cfar and switch
Banks-03              030000-03ffff  Far
  Banks-03-farcode    030000-03ffff  FarFunction and TEXT
    > farcode
  Banks-03-far-nobits 030000-03ffff  Far and BSS
    > zfar
  Banks-03-far-cbits  030000-03ffff  Far and RODATA
    > data_init_table, cfar and switch
Banks-04              040000-04ffff  Far
  Banks-04-farcode    040000-04ffff  FarFunction and TEXT
    > farcode
  Banks-04-far-nobits 040000-04ffff  Far and BSS
    > zfar
  Banks-04-far-cbits  040000-04ffff  Far and RODATA
    > data_init_table, cfar and switch
Banks-05              050000-05ffff  Far
  Banks-05-farcode    050000-05ffff  FarFunction and TEXT
    > farcode
  Banks-05-far-nobits 050000-05ffff  Far and BSS
    > zfar
  Banks-05-far-cbits  050000-05ffff  Far and RODATA
    > data_init_table, cfar and switch
Banks-06              060000-06ffff  Far
  Banks-06-farcode    060000-06ffff  FarFunction and TEXT
    > farcode
  Banks-06-far-nobits 060000-06ffff  Far and BSS
    > zfar
  Banks-06-far-cbits  060000-06ffff  Far and RODATA
    > data_init_table, cfar and switch
Banks-07              070000-07ffff  Far
  Banks-07-farcode    070000-07ffff  FarFunction and TEXT
    > farcode
  Banks-07-far-nobits 070000-07ffff  Far and BSS
    > zfar
  Banks-07-far-cbits  070000-07ffff  Far and RODATA
    > data_init_table, cfar and switch
Banks-08              080000-08ffff  Far
  Banks-08-farcode    080000-08ffff  FarFunction and TEXT
    > farcode
  Banks-08-far-nobits 080000-08ffff  Far and BSS
    > zfar
  Banks-08-far-cbits  080000-08ffff  Far and RODATA
    > data_init_table, cfar and switch
Banks-09              090000-09ffff  Far
  Banks-09-farcode    090000-09ffff  FarFunction and TEXT
    > farcode
  Banks-09-far-nobits 090000-09ffff  Far and BSS
    > zfar
  Banks-09-far-cbits  090000-09ffff  Far and RODATA
    > data_init_table, cfar and switch
Banks-0a              0a0000-0affff  Far
  Banks-0a-farcode    0a0000-0affff  FarFunction and TEXT
    > farcode
  Banks-0a-far-nobits 0a0000-0affff  Far and BSS
    > zfar
  Banks-0a-far-cbits  0a0000-0affff  Far and RODATA
    > data_init_table, cfar and switch
Banks-0b              0b0000-0bffff  Far
  Banks-0b-farcode    0b0000-0bffff  FarFunction and TEXT
    > farcode
  Banks-0b-far-nobits 0b0000-0bffff  Far and BSS
    > zfar
  Banks-0b-far-cbits  0b0000-0bffff  Far and RODATA
    > data_init_table, cfar and switch
Banks-0c              0c0000-0cffff  Far
  Banks-0c-farcode    0c0000-0cffff  FarFunction and TEXT
    > farcode
  Banks-0c-far-nobits 0c0000-0cffff  Far and BSS
    > zfar
  Banks-0c-far-cbits  0c0000-0cffff  Far and RODATA
    > data_init_table, cfar and switch
Banks-0d              0d0000-0dffff  Far
  Banks-0d-farcode    0d0000-0dffff  FarFunction and TEXT
    > farcode
  Banks-0d-far-nobits 0d0000-0dffff  Far and BSS
    > zfar
  Banks-0d-far-cbits  0d0000-0dffff  Far and RODATA
    > data_init_table, cfar and switch
Banks-0e              0e0000-0effff  Far
  Banks-0e-farcode    0e0000-0effff  FarFunction and TEXT
    > farcode
  Banks-0e-far-nobits 0e0000-0effff  Far and BSS
    > zfar
  Banks-0e-far-cbits  0e0000-0effff  Far and RODATA
    > data_init_table, cfar and switch
Banks-0f              0f0000-0fffff  Far
  Banks-0f-farcode    0f0000-0fffff  FarFunction and TEXT
    > farcode
  Banks-0f-far-nobits 0f0000-0fffff  Far and BSS
    > zfar
  Banks-0f-far-cbits  0f0000-0fffff  Far and RODATA
    > data_init_table, cfar and switch
Banks-10              100000-10ffff  Far
  Banks-10-farcode    100000-10ffff  FarFunction and TEXT
    > farcode
  Banks-10-far-nobits 100000-10ffff  Far and BSS
    > zfar
  Banks-10-far-cbits  100000-10ffff  Far and RODATA
    > data_init_table, cfar and switch
Banks-11              110000-11ffff  Far
  Banks-11-farcode    110000-11ffff  FarFunction and TEXT
    > farcode
  Banks-11-far-nobits 110000-11ffff  Far and BSS
    > zfar
  Banks-11-far-cbits  110000-11ffff  Far and RODATA
    > data_init_table, cfar and switch
Banks-12              120000-12ffff  Far
  Banks-12-farcode    120000-12ffff  FarFunction and TEXT
    > farcode
  Banks-12-far-nobits 120000-12ffff  Far and BSS
    > zfar
  Banks-12-far-cbits  120000-12ffff  Far and RODATA
    > data_init_table, cfar and switch
Banks-13              130000-13ffff  Far
  Banks-13-farcode    130000-13ffff  FarFunction and TEXT
    > farcode
  Banks-13-far-nobits 130000-13ffff  Far and BSS
    > zfar
  Banks-13-far-cbits  130000-13ffff  Far and RODATA
    > data_init_table, cfar and switch
Banks-14              140000-14ffff  Far
  Banks-14-farcode    140000-14ffff  FarFunction and TEXT
    > farcode
  Banks-14-far-nobits 140000-14ffff  Far and BSS
    > zfar
  Banks-14-far-cbits  140000-14ffff  Far and RODATA
    > data_init_table, cfar and switch
Banks-15              150000-15ffff  Far
  Banks-15-farcode    150000-15ffff  FarFunction and TEXT
    > farcode
  Banks-15-far-nobits 150000-15ffff  Far and BSS
    > zfar
  Banks-15-far-cbits  150000-15ffff  Far and RODATA
    > data_init_table, cfar and switch
Banks-16              160000-16ffff  Far
  Banks-16-farcode    160000-16ffff  FarFunction and TEXT
    > farcode
  Banks-16-far-nobits 160000-16ffff  Far and BSS
    > zfar
  Banks-16-far-cbits  160000-16ffff  Far and RODATA
    > data_init_table, cfar and switch
Banks-17              170000-17ffff  Far
  Banks-17-farcode    170000-17ffff  FarFunction and TEXT
    > farcode
  Banks-17-far-nobits 170000-17ffff  Far and BSS
    > zfar
  Banks-17-far-cbits  170000-17ffff  Far and RODATA
    > data_init_table, cfar and switch
Banks-18              180000-18ffff  Far
  Banks-18-farcode    180000-18ffff  FarFunction and TEXT
    > farcode
  Banks-18-far-nobits 180000-18ffff  Far and BSS
    > zfar
  Banks-18-far-cbits  180000-18ffff  Far and RODATA
    > data_init_table, cfar and switch
Banks-19              190000-19ffff  Far
  Banks-19-farcode    190000-19ffff  FarFunction and TEXT
    > farcode
  Banks-19-far-nobits 190000-19ffff  Far and BSS
    > zfar
  Banks-19-far-cbits  190000-19ffff  Far and RODATA
    > data_init_table, cfar and switch
Banks-1a              1a0000-1affff  Far
  Banks-1a-farcode    1a0000-1affff  FarFunction and TEXT
    > farcode
  Banks-1a-far-nobits 1a0000-1affff  Far and BSS
    > zfar
  Banks-1a-far-cbits  1a0000-1affff  Far and RODATA
    > data_init_table, cfar and switch
Banks-1b              1b0000-1bffff  Far
  Banks-1b-farcode    1b0000-1bffff  FarFunction and TEXT
    > farcode
  Banks-1b-far-nobits 1b0000-1bffff  Far and BSS
    > zfar
  Banks-1b-far-cbits  1b0000-1bffff  Far and RODATA
    > data_init_table, cfar and switch
Banks-1c              1c0000-1cffff  Far
  Banks-1c-farcode    1c0000-1cffff  FarFunction and TEXT
    > farcode
  Banks-1c-far-nobits 1c0000-1cffff  Far and BSS
    > zfar
  Banks-1c-far-cbits  1c0000-1cffff  Far and RODATA
    > data_init_table, cfar and switch
Banks-1d              1d0000-1dffff  Far
  Banks-1d-farcode    1d0000-1dffff  FarFunction and TEXT
    > farcode
  Banks-1d-far-nobits 1d0000-1dffff  Far and BSS
    > zfar
  Banks-1d-far-cbits  1d0000-1dffff  Far and RODATA
    > data_init_table, cfar and switch
Banks-1e              1e0000-1effff  Far
  Banks-1e-farcode    1e0000-1effff  FarFunction and TEXT
    > farcode
  Banks-1e-far-nobits 1e0000-1effff  Far and BSS
    > zfar
  Banks-1e-far-cbits  1e0000-1effff  Far and RODATA
    > data_init_table, cfar and switch
Banks-1f              1f0000-1fffff  Far
  Banks-1f-farcode    1f0000-1fffff  FarFunction and TEXT
    > farcode
  Banks-1f-far-nobits 1f0000-1fffff  Far and BSS
    > zfar
  Banks-1f-far-cbits  1f0000-1fffff  Far and RODATA
    > data_init_table, cfar and switch
Banks-20              200000-20ffff  Far
  Banks-20-farcode    200000-20ffff  FarFunction and TEXT
    > farcode
  Banks-20-far-nobits 200000-20ffff  Far and BSS
    > zfar
  Banks-20-far-cbits  200000-20ffff  Far and RODATA
    > data_init_table, cfar and switch
Banks-21              210000-21ffff  Far
  Banks-21-farcode    210000-21ffff  FarFunction and TEXT
    > farcode
  Banks-21-far-nobits 210000-21ffff  Far and BSS
    > zfar
  Banks-21-far-cbits  210000-21ffff  Far and RODATA
    > data_init_table, cfar and switch
Banks-22              220000-22ffff  Far
  Banks-22-farcode    220000-22ffff  FarFunction and TEXT
    > farcode
  Banks-22-far-nobits 220000-22ffff  Far and BSS
    > zfar
  Banks-22-far-cbits  220000-22ffff  Far and RODATA
    > data_init_table, cfar and switch
Banks-23              230000-23ffff  Far
  Banks-23-farcode    230000-23ffff  FarFunction and TEXT
    > farcode
  Banks-23-far-nobits 230000-23ffff  Far and BSS
    > zfar
  Banks-23-far-cbits  230000-23ffff  Far and RODATA
    > data_init_table, cfar and switch
Banks-24              240000-24ffff  Far
  Banks-24-farcode    240000-24ffff  FarFunction and TEXT
    > farcode
  Banks-24-far-nobits 240000-24ffff  Far and BSS
    > zfar
  Banks-24-far-cbits  240000-24ffff  Far and RODATA
    > data_init_table, cfar and switch
Banks-25              250000-25ffff  Far
  Banks-25-farcode    250000-25ffff  FarFunction and TEXT
    > farcode
  Banks-25-far-nobits 250000-25ffff  Far and BSS
    > zfar
  Banks-25-far-cbits  250000-25ffff  Far and RODATA
    > data_init_table, cfar and switch
Banks-26              260000-26ffff  Far
  Banks-26-farcode    260000-26ffff  FarFunction and TEXT
    > farcode
  Banks-26-far-nobits 260000-26ffff  Far and BSS
    > zfar
  Banks-26-far-cbits  260000-26ffff  Far and RODATA
    > data_init_table, cfar and switch
Banks-27              270000-27ffff  Far
  Banks-27-farcode    270000-27ffff  FarFunction and TEXT
    > farcode
  Banks-27-far-nobits 270000-27ffff  Far and BSS
    > zfar
  Banks-27-far-cbits  270000-27ffff  Far and RODATA
    > data_init_table, cfar and switch
Banks-28              280000-28ffff  Far
  Banks-28-farcode    280000-28ffff  FarFunction and TEXT
    > farcode
  Banks-28-far-nobits 280000-28ffff  Far and BSS
    > zfar
  Banks-28-far-cbits  280000-28ffff  Far and RODATA
    > data_init_table, cfar and switch
Banks-29              290000-29ffff  Far
  Banks-29-farcode    290000-29ffff  FarFunction and TEXT
    > farcode
  Banks-29-far-nobits 290000-29ffff  Far and BSS
    > zfar
  Banks-29-far-cbits  290000-29ffff  Far and RODATA
    > data_init_table, cfar and switch
Banks-2a              2a0000-2affff  Far
  Banks-2a-farcode    2a0000-2affff  FarFunction and TEXT
    > farcode
  Banks-2a-far-nobits 2a0000-2affff  Far and BSS
    > zfar
  Banks-2a-far-cbits  2a0000-2affff  Far and RODATA
    > data_init_table, cfar and switch
Banks-2b              2b0000-2bffff  Far
  Banks-2b-farcode    2b0000-2bffff  FarFunction and TEXT
    > farcode
  Banks-2b-far-nobits 2b0000-2bffff  Far and BSS
    > zfar
  Banks-2b-far-cbits  2b0000-2bffff  Far and RODATA
    > data_init_table, cfar and switch
Banks-2c              2c0000-2cffff  Far
  Banks-2c-farcode    2c0000-2cffff  FarFunction and TEXT
    > farcode
  Banks-2c-far-nobits 2c0000-2cffff  Far and BSS
    > zfar
  Banks-2c-far-cbits  2c0000-2cffff  Far and RODATA
    > data_init_table, cfar and switch
Banks-2d              2d0000-2dffff  Far
  Banks-2d-farcode    2d0000-2dffff  FarFunction and TEXT
    > farcode
  Banks-2d-far-nobits 2d0000-2dffff  Far and BSS
    > zfar
  Banks-2d-far-cbits  2d0000-2dffff  Far and RODATA
    > data_init_table, cfar and switch
Banks-2e              2e0000-2effff  Far
  Banks-2e-farcode    2e0000-2effff  FarFunction and TEXT
    > farcode
  Banks-2e-far-nobits 2e0000-2effff  Far and BSS
    > zfar
  Banks-2e-far-cbits  2e0000-2effff  Far and RODATA
    > data_init_table, cfar and switch
Banks-2f              2f0000-2fffff  Far
  Banks-2f-farcode    2f0000-2fffff  FarFunction and TEXT
    > farcode
  Banks-2f-far-nobits 2f0000-2fffff  Far and BSS
    > zfar
  Banks-2f-far-cbits  2f0000-2fffff  Far and RODATA
    > data_init_table, cfar and switch
Heap                  300000-3fffff  
LoMem                 002200-007fff  Plain
  LoMem-nobits        002200-007fff  Plain and BSS
    > heap
  LoMem-bits          002200-007fff  Plain and DATA
  LoMem-cbits         002200-007fff  Plain and RODATA
    > data_init_table
  LoMem-code          002200-007fff  PlainFunction and TEXT
    > code
LoMem-tiny            002100-0021ff  Tiny and BSS
  > registers
Vector                00ffe4-00ffff  Plain
palettes              af2000-af3fff  
  > (palette0 af2000)
  > (palette1 af2400)
  > (palette2 af2800)
  > (palette3 af2c00)
  > (palette4 af3000)
  > (palette5 af3400)
  > (palette6 af3800)
  > (palette7 af3c00)
vram                  b00000-efffff  
  > vram

Name Size   Align
------------------
heap 001000 no

Name             Memory     Offset
-----------------------------------
_DirectPageStart LoMem-tiny 000000
_NearBaseAddress Banks-01   000000

################
#              #
# Object files #
#              #
################

Unit Filename             Archive
---------------------------------------------
  0  obj/example_basic.o  -
          >  cfar    000045
          >  farcode 00018d
  1  obj/pmalloc.o        -
          >  cfar    00011f
          >  farcode 0008f4
  4  Foenix-startup.o     c256-lc-ld-foenix.a
          # picked based on cstartup=foenix (default for Foenix C256 board support)
          >  code    00005e
          >  farcode 000001
  6  pseudoRegisters.o    clib-lc-ld-foenix.a
          >  registers 000014
  7  exit.o               clib-lc-ld-foenix.a
          # picked based on exit=stdexit (built-in default)
          >  farcode 000056
  9  controlFlow.o        clib-lc-ld-foenix.a
          >  farcode 00000e
 10  atexit.o             clib-lc-ld-foenix.a
          >  farcode 00002d
          >  zfar    000082
 11  exitC99.o            clib-lc-ld-foenix.a
          >  farcode 000005
 12  stub_exit.o          c256-lc-ld-foenix.a
          >  farcode 000005
 15  initial-stack.o      c256-lc-ld-foenix.a
          >  zfar 000002
 16  streamlist.o         clib-lc-ld-foenix.a
          >  farcode 0000ad
          >  zfar    000063
 17  stub_close.o         c256-lc-ld-foenix.a
          >  farcode 000004
 19  lib_fclose.o         clib-lc-ld-foenix.a
          >  farcode 0001d9
 20  errno.o              clib-lc-ld-foenix.a
          >  zfar 000002
 21  free.o               clib-lc-ld-foenix.a
          >  farcode 00016b
 22  addfreechunk.o       clib-lc-ld-foenix.a
          >  farcode 000113
 23  heap_initialize.o    clib-lc-ld-foenix.a
          >  farcode 000209
          >  zfar    00009a
 24  vram_fill.o          c256-lc-ld-foenix.a
          >  farcode 000010
 26  memset_dma.o         c256-lc-ld-foenix.a
          >  farcode 0000de
 27  dma.o                c256-lc-ld-foenix.a
          >  farcode 000003
 28  lib_printf.o         clib-lc-ld-foenix.a
          >  farcode 000041
 29  lib_vfprintf.o       clib-lc-ld-foenix.a
          >  farcode 000058
 31  __vsprintf_nofloat.o clib-lc-ld-foenix.a
          # picked based on printf=nofloat (specified on the command line)
          >  cfar    00000f
          >  farcode 00114b
          >  switch  000030
 34  lib_stdoutstream.o   clib-lc-ld-foenix.a
          >  farcode 0000ca
 35  lib_libnoflush.o     clib-lc-ld-foenix.a
          >  farcode 000004
 36  lib_fputc.o          clib-lc-ld-foenix.a
          >  farcode 00007f
 37  lib_libfflush.o      clib-lc-ld-foenix.a
          >  farcode 000171
 38  stub_write.o         c256-lc-ld-foenix.a
          >  farcode 000054
 40  lib_libfwrite.o      clib-lc-ld-foenix.a
          >  farcode 0001c5
 41  lib_rdflush.o        clib-lc-ld-foenix.a
          >  farcode 0000aa
 42  lib_fseek.o          clib-lc-ld-foenix.a
          >  farcode 00007b
 43  stub_lseek.o         c256-lc-ld-foenix.a
          >  farcode 000007
 45  lib_wrflush.o        clib-lc-ld-foenix.a
          >  farcode 000021
 46  lib_fflush.o         clib-lc-ld-foenix.a
          >  farcode 000038
 47  lib_libflushall.o    clib-lc-ld-foenix.a
          >  farcode 000078
 49  integer.o            clib-lc-ld-foenix.a
          >  farcode 0000ed
 51  initialize.o         clib-lc-ld-foenix.a
          # picked based on initialize=normal (built-in default)
          >  farcode 000083
 53  vram_copy.o          c256-lc-ld-foenix.a
          >  farcode 000008
 55  memcpy_dma.o         c256-lc-ld-foenix.a
          >  farcode 000114
 56  lib_strnlen.o        clib-lc-ld-foenix.a
          >  farcode 00002a
 57  vswitch16.o          clib-lc-ld-foenix.a
          >  farcode 000088

###################
#                 #
# Cross reference #
#                 #
###################

`_StringLiteral_[68,111,110,101,13]` in section 'cfar'
 placed at address 010000-010005 of size 000006
(obj/example_basic.o unit 0 section index 6)
    Defines:
        `_StringLiteral_[68,111,110,101,13]` = 010000
    Referenced from:
        main (obj/example_basic.o unit 0 section index 2)

g_nullstring in section 'cfar'  placed at address 010006-01000c of size 000007
(__vsprintf_nofloat.o (from clib-lc-ld-foenix.a) unit 31 section index 2)

_Const_000000000000000a in section 'cfar'
 placed at address 01000d-010014 of size 000008
(obj/pmalloc.o unit 1 section index 35)
    Defines:
        _Const_000000000000000a = 01000d
    Referenced from:
        (obj/pmalloc.o unit 1 section index 19)
        (obj/pmalloc.o unit 1 section index 20)

`_StringLiteral_*float*` in section 'cfar'
 placed at address 010015-01001c of size 000008
(__vsprintf_nofloat.o (from clib-lc-ld-foenix.a) unit 31 section index 3)
    Defines:
        `_StringLiteral_*float*` = 010015
    Referenced from:
        (__vsprintf_nofloat.o (from clib-lc-ld-foenix.a) unit 31 section index 5)

`_StringLiteral_[110,111,100,101,32,61,32,37,112,13]` in section 'cfar'
 placed at address 01001d-010027 of size 00000b
(obj/pmalloc.o unit 1 section index 44)
    Defines:
        `_StringLiteral_[110,111,100,101,32,61,32,37,112,13]` = 01001d
    Referenced from:
        pmalloc_free (obj/pmalloc.o unit 1 section index 5)

`_StringLiteral_[112,116,114,32,32,61,32,37,112,13]` in section 'cfar'
 placed at address 010028-010032 of size 00000b
(obj/pmalloc.o unit 1 section index 46)
    Defines:
        `_StringLiteral_[112,116,114,32,32,61,32,37,112,13]` = 010028
    Referenced from:
        pmalloc_free (obj/pmalloc.o unit 1 section index 5)

`_StringLiteral_[68,101,97,108,108,111,99,97,105,110,103,13]` in section 'cfar'
 placed at address 010033-01003f of size 00000d
(obj/example_basic.o unit 0 section index 5)
    Defines:
        `_StringLiteral_[68,101,97,108,108,111,99,97,105,110,103,13]` = 010033
    Referenced from:
        main (obj/example_basic.o unit 0 section index 2)

`_StringLiteral_[32,45,32,97,115,115,105,103,110,101,100,58,13]` in section 'cfar'
 placed at address 010040-01004d of size 00000e
(obj/pmalloc.o unit 1 section index 38)
    Defines:
        `_StringLiteral_[32,45,32,97,115,115,105,103,110,101,100,58,13]` = 010040
    Referenced from:
        pmalloc_dump_stats (obj/pmalloc.o unit 1 section index 14)

`_StringLiteral_[32,45,32,97,118,97,105,108,97,98,108,101,58,13]` in section 'cfar'
 placed at address 01004e-01005c of size 00000f
(obj/pmalloc.o unit 1 section index 39)
    Defines:
        `_StringLiteral_[32,45,32,97,118,97,105,108,97,98,108,101,58,13]` = 01004e
    Referenced from:
        pmalloc_dump_stats (obj/pmalloc.o unit 1 section index 14)

`_StringLiteral_[32,45,32,102,114,101,101,109,101,109,58,32,37,108,117,13]` in section 'cfar'
 placed at address 01005d-01006d of size 000011
(obj/pmalloc.o unit 1 section index 40)
    Defines:
        `_StringLiteral_[32,45,32,102,114,101,101,109,101,109,58,32,37,108,117,13]` = 01005d
    Referenced from:
        pmalloc_dump_stats (obj/pmalloc.o unit 1 section index 14)

`_StringLiteral_[32,45,32,116,111,116,97,108,109,101,109,58,32,37,108,117,13]` in section 'cfar'
 placed at address 01006e-01007f of size 000012
(obj/pmalloc.o unit 1 section index 41)
    Defines:
        `_StringLiteral_[32,45,32,116,111,116,97,108,109,101,109,58,32,37,108,117,13]` = 01006e
    Referenced from:
        pmalloc_dump_stats (obj/pmalloc.o unit 1 section index 14)

`_StringLiteral_[45,45,45,45,45,45,45,45,45,45,45,45,45,45,45,45,45,45,45,45,45,13]` in section 'cfar'
 placed at address 010080-010096 of size 000017
(obj/pmalloc.o unit 1 section index 43)
    Defines:
        `_StringLiteral_[45,45,45,45,45,45,45,45,45,45,45,45,45,45,45,45,45,45,45,45,45,13]` = 010080
    Referenced from:
        pmalloc_dump_stats (obj/pmalloc.o unit 1 section index 14)

`_StringLiteral_[112,109,97,108,108,111,99,58,32,68,69,66,85,71,32,69,110,97,98,108,101,100,13]` in section 'cfar'
 placed at address 010097-0100ae of size 000018
(obj/pmalloc.o unit 1 section index 45)
    Defines:
        `_StringLiteral_[112,109,97,108,108,111,99,58,32,68,69,66,85,71,32,69,110,97,98,108,101,100,13]` = 010097
    Referenced from:
        pmalloc_init (obj/pmalloc.o unit 1 section index 2)

`?L281` in section 'switch'  placed at address 0100af-0100c6 of size 000018
(__vsprintf_nofloat.o (from clib-lc-ld-foenix.a) unit 31 section index 19)

`?L301` in section 'switch'  placed at address 0100c7-0100de of size 000018
(__vsprintf_nofloat.o (from clib-lc-ld-foenix.a) unit 31 section index 20)

`_StringLiteral_[65,108,108,111,99,97,116,105,110,103,32,37,108,117,32,98,121,116,101,115,46,46,46,13]` in section 'cfar'
 placed at address 0100df-0100f7 of size 000019
(obj/example_basic.o unit 0 section index 4)
    Defines:
        `_StringLiteral_[65,108,108,111,99,97,116,105,110,103,32,37,108,117,32,98,121,116,101,115,46,46,46,13]` = 0100df
    Referenced from:
        main (obj/example_basic.o unit 0 section index 2)

`_StringLiteral_[112,109,97,108,108,111,99,58,32,66,97,115,105,99,32,69,120,97,109,112,108,101,13,13]` in section 'cfar'
 placed at address 0100f8-010110 of size 000019
(obj/example_basic.o unit 0 section index 7)
    Defines:
        `_StringLiteral_[112,109,97,108,108,111,99,58,32,66,97,115,105,99,32,69,120,97,109,112,108,101,13,13]` = 0100f8
    Referenced from:
        main (obj/example_basic.o unit 0 section index 2)

`_StringLiteral_[32,45,32,116,111,116,97,108,110,111,100,101,115,58,32,37,108,117,32,40,115,105,122,101,111,102,32,37,100,41,13]` in section 'cfar'
 placed at address 010111-010130 of size 000020
(obj/pmalloc.o unit 1 section index 42)
    Defines:
        `_StringLiteral_[32,45,32,116,111,116,97,108,110,111,100,101,115,58,32,37,108,117,32,40,115,105,122,101,111,102,32,37,100,41,13]` = 010111
    Referenced from:
        pmalloc_dump_stats (obj/pmalloc.o unit 1 section index 14)

`_StringLiteral_[32,32,45,32,40,37,48,56,108,108,120,41,32,37,48,56,108,108,120,45,32,37,48,56,108,108,120,45,115,105,122,101,58,37,108,108,100,32,40,37,117,32,115,121,115,44,32,37,104,117,32,117,115,114,41,13]` in section 'cfar'
 placed at address 010131-010169 of size 000039
(obj/pmalloc.o unit 1 section index 36)
    Defines:
        `_StringLiteral_[32,32,45,32,40,37,48,56,108,108,120,41,32,37,48,56,108,108,120,45,32,37,48,56,108,108,120,45,115,105,122,101,58,37,108,108,100,32,40,37,117,32,115,121,115,44,32,37,104,117,32,117,115,114,41,13]` = 010131
    Referenced from:
        pmalloc_dump_stats (obj/pmalloc.o unit 1 section index 14)

`_StringLiteral_[32,32,45,32,40,37,48,56,108,108,120,41,32,37,48,56,108,108,120,45,62,37,48,56,108,108,120,45,115,105,122,101,58,37,108,108,100,32,40,37,117,32,115,121,115,44,32,37,104,117,32,117,115,114,41,13]` in section 'cfar'
 placed at address 01016a-0101a2 of size 000039
(obj/pmalloc.o unit 1 section index 37)
    Defines:
        `_StringLiteral_[32,32,45,32,40,37,48,56,108,108,120,41,32,37,48,56,108,108,120,45,62,37,48,56,108,108,120,45,115,105,122,101,58,37,108,108,100,32,40,37,117,32,115,121,115,44,32,37,104,117,32,117,115,114,41,13]` = 01016a
    Referenced from:
        pmalloc_dump_stats (obj/pmalloc.o unit 1 section index 14)

_InitialStack in section 'zfar'  placed at address 0101a3-0101a4 of size 000002
(initial-stack.o (from c256-lc-ld-foenix.a) unit 15 section index 2)
    Defines:
        _InitialStack = 0101a3
    Referenced from:
        __data_initialization_needed (Foenix-startup.o (from c256-lc-ld-foenix.a) unit 4 section index 3)
        _Stub_exit (stub_exit.o (from c256-lc-ld-foenix.a) unit 12 section index 2)

__default_heap in section 'zfar'
 placed at address 0101a5-01023e of size 00009a
(heap_initialize.o (from clib-lc-ld-foenix.a) unit 23 section index 5)
    Defines:
        __default_heap = 0101a5
    Referenced from:
        __call_heap_initialize (Foenix-startup.o (from c256-lc-ld-foenix.a) unit 4 section index 5)
        free (free.o (from clib-lc-ld-foenix.a) unit 21 section index 2)

__atexit_index in section 'zfar'
 placed at address 01023f-010240 of size 000002
(atexit.o (from clib-lc-ld-foenix.a) unit 10 section index 3)
    Defines:
        __atexit_index = 01023f
    Referenced from:
        exit (exit.o (from clib-lc-ld-foenix.a) unit 7 section index 2)
        atexit (atexit.o (from clib-lc-ld-foenix.a) unit 10 section index 4)

__atexit in section 'zfar'  placed at address 010241-0102c0 of size 000080
(atexit.o (from clib-lc-ld-foenix.a) unit 10 section index 2)
    Defines:
        __atexit = 010241
    Referenced from:
        exit (exit.o (from clib-lc-ld-foenix.a) unit 7 section index 2)
        atexit (atexit.o (from clib-lc-ld-foenix.a) unit 10 section index 4)

__global_streams in section 'zfar'
 placed at address 0102c1-0102d4 of size 000014
(streamlist.o (from clib-lc-ld-foenix.a) unit 16 section index 6)
    Defines:
        __global_streams = 0102c1
    Referenced from:
        (streamlist.o (from clib-lc-ld-foenix.a) unit 16 section index 7)
        __initialize_global_streams (streamlist.o (from clib-lc-ld-foenix.a) unit 16 section index 8)
        fclose (lib_fclose.o (from clib-lc-ld-foenix.a) unit 19 section index 3)
        printf (lib_printf.o (from clib-lc-ld-foenix.a) unit 28 section index 2)
        fflush (lib_fflush.o (from clib-lc-ld-foenix.a) unit 46 section index 2)

__stderr in section 'zfar'  placed at address 0102d5-0102ed of size 000019
(streamlist.o (from clib-lc-ld-foenix.a) unit 16 section index 5)

__stdout in section 'zfar'  placed at address 0102ee-010306 of size 000019
(streamlist.o (from clib-lc-ld-foenix.a) unit 16 section index 4)

__stdin in section 'zfar'  placed at address 010307-01031f of size 000019
(streamlist.o (from clib-lc-ld-foenix.a) unit 16 section index 3)

_ExitCloseStreams in section 'zfar'
 placed at address 010320-010323 of size 000004
(streamlist.o (from clib-lc-ld-foenix.a) unit 16 section index 2)
    Defines:
        _ExitCloseStreams = 010320
    Referenced from:
        exit (exit.o (from clib-lc-ld-foenix.a) unit 7 section index 2)
        __initialize_global_streams (streamlist.o (from clib-lc-ld-foenix.a) unit 16 section index 8)

errno in section 'zfar'  placed at address 010324-010325 of size 000002
(errno.o (from clib-lc-ld-foenix.a) unit 20 section index 2)
    Defines:
        errno = 010324
    Referenced from:
        fclose (lib_fclose.o (from clib-lc-ld-foenix.a) unit 19 section index 3)
        (lib_stdoutstream.o (from clib-lc-ld-foenix.a) unit 34 section index 2)
        _Stub_write (stub_write.o (from c256-lc-ld-foenix.a) unit 38 section index 2)
        __lib_fwrite (lib_libfwrite.o (from clib-lc-ld-foenix.a) unit 40 section index 2)
        __lib_rdflush (lib_rdflush.o (from clib-lc-ld-foenix.a) unit 41 section index 2)
        fflush (lib_fflush.o (from clib-lc-ld-foenix.a) unit 46 section index 2)

__low_level_init in section 'farcode'
 placed at address 010326-010326 of size 000001
(Foenix-startup.o (from c256-lc-ld-foenix.a) unit 4 section index 7)
    Defines:
        __low_level_init = 010326
    Referenced from:
        __program_root_section (Foenix-startup.o (from c256-lc-ld-foenix.a) unit 4 section index 2)

DMA_wait_delay in section 'farcode'
 placed at address 010327-010329 of size 000003
(dma.o (from c256-lc-ld-foenix.a) unit 27 section index 2)
    Defines:
        DMA_wait_delay = 010327
    Referenced from:
        memset_dma (memset_dma.o (from c256-lc-ld-foenix.a) unit 26 section index 2)
        (memcpy_dma.o (from c256-lc-ld-foenix.a) unit 55 section index 4)

__lib_noflush in section 'farcode'
 placed at address 01032a-01032d of size 000004
(lib_libnoflush.o (from clib-lc-ld-foenix.a) unit 35 section index 2)
    Defines:
        __lib_noflush = 01032a
    Referenced from:
        __lib_stdoutstream (lib_stdoutstream.o (from clib-lc-ld-foenix.a) unit 34 section index 4)

_Stub_close in section 'farcode'
 placed at address 01032e-010331 of size 000004
(stub_close.o (from c256-lc-ld-foenix.a) unit 17 section index 2)
    Defines:
        _Stub_close = 01032e
    Referenced from:
        (streamlist.o (from clib-lc-ld-foenix.a) unit 16 section index 7)
        __close (lib_fclose.o (from clib-lc-ld-foenix.a) unit 19 section index 2)

pmalloc_freemem in section 'farcode'
 placed at address 010332-010336 of size 000005
(obj/pmalloc.o unit 1 section index 9)
    Defines:
        pmalloc_freemem = 010332

_Exit in section 'farcode'  placed at address 010337-01033b of size 000005
(exitC99.o (from clib-lc-ld-foenix.a) unit 11 section index 2)
    Defines:
        _Exit = 010337
    References:
        _Stub_exit in (stub_exit.o (from c256-lc-ld-foenix.a) unit 12 section index 2)
    Referenced from:
        exit (exit.o (from clib-lc-ld-foenix.a) unit 7 section index 2)

_Stub_exit in section 'farcode'  placed at address 01033c-010340 of size 000005
(stub_exit.o (from c256-lc-ld-foenix.a) unit 12 section index 2)
    Defines:
        _Stub_exit = 01033c
    References:
        _InitialStack in (initial-stack.o (from c256-lc-ld-foenix.a) unit 15 section index 2)
    Referenced from:
        _Exit (exitC99.o (from clib-lc-ld-foenix.a) unit 11 section index 2)

`?L167` in section 'farcode'  placed at address 010341-010346 of size 000006
(obj/pmalloc.o unit 1 section index 23)
    References:
        _Dp in (pseudoRegisters.o (from clib-lc-ld-foenix.a) unit 6 section index 2)
        printf in (lib_printf.o (from clib-lc-ld-foenix.a) unit 28 section index 2)

`?L411` in section 'farcode'  placed at address 010347-01034d of size 000007
(__vsprintf_nofloat.o (from clib-lc-ld-foenix.a) unit 31 section index 15)
    References:
        _Dp in (pseudoRegisters.o (from clib-lc-ld-foenix.a) unit 6 section index 2)

`?L412` in section 'farcode'  placed at address 01034e-010354 of size 000007
(__vsprintf_nofloat.o (from clib-lc-ld-foenix.a) unit 31 section index 16)
    References:
        _Dp in (pseudoRegisters.o (from clib-lc-ld-foenix.a) unit 6 section index 2)

_Stub_lseek in section 'farcode'
 placed at address 010355-01035b of size 000007
(stub_lseek.o (from c256-lc-ld-foenix.a) unit 43 section index 2)
    Defines:
        _Stub_lseek = 010355
    Referenced from:
        fseek (lib_fseek.o (from clib-lc-ld-foenix.a) unit 42 section index 2)

`?L175` in section 'farcode'  placed at address 01035c-010363 of size 000008
(obj/pmalloc.o unit 1 section index 31)

`?L407` in section 'farcode'  placed at address 010364-01036b of size 000008
(__vsprintf_nofloat.o (from clib-lc-ld-foenix.a) unit 31 section index 12)

memcpy in section 'farcode'  placed at address 01036c-010373 of size 000008
(vram_copy.o (from c256-lc-ld-foenix.a) unit 53 section index 2)
    Defines:
        memcpy = 01036c
    References:
        memcpy_dma in (memcpy_dma.o (from c256-lc-ld-foenix.a) unit 55 section index 2)
    Referenced from:
        __initialize_sections (initialize.o (from clib-lc-ld-foenix.a) unit 51 section index 2)

pmalloc_sizeof in section 'farcode'
 placed at address 010374-01037c of size 000009
(obj/pmalloc.o unit 1 section index 7)
    Defines:
        pmalloc_sizeof = 010374
    References:
        _Dp in (pseudoRegisters.o (from clib-lc-ld-foenix.a) unit 6 section index 2)

`?L170` in section 'farcode'  placed at address 01037d-010385 of size 000009
(obj/pmalloc.o unit 1 section index 26)
    References:
        _Dp in (pseudoRegisters.o (from clib-lc-ld-foenix.a) unit 6 section index 2)

`?L403` in section 'farcode'  placed at address 010386-01038e of size 000009
(__vsprintf_nofloat.o (from clib-lc-ld-foenix.a) unit 31 section index 8)
    References:
        _Dp in (pseudoRegisters.o (from clib-lc-ld-foenix.a) unit 6 section index 2)

`?L404` in section 'farcode'  placed at address 01038f-010397 of size 000009
(__vsprintf_nofloat.o (from clib-lc-ld-foenix.a) unit 31 section index 9)
    References:
        _Dp in (pseudoRegisters.o (from clib-lc-ld-foenix.a) unit 6 section index 2)

`?L406` in section 'farcode'  placed at address 010398-0103a0 of size 000009
(__vsprintf_nofloat.o (from clib-lc-ld-foenix.a) unit 31 section index 11)
    References:
        _Dp in (pseudoRegisters.o (from clib-lc-ld-foenix.a) unit 6 section index 2)

`?L408` in section 'farcode'  placed at address 0103a1-0103a9 of size 000009
(__vsprintf_nofloat.o (from clib-lc-ld-foenix.a) unit 31 section index 13)

`?L160` in section 'farcode'  placed at address 0103aa-0103b3 of size 00000a
(obj/pmalloc.o unit 1 section index 17)
    References:
        _Dp in (pseudoRegisters.o (from clib-lc-ld-foenix.a) unit 6 section index 2)

`?L176` in section 'farcode'  placed at address 0103b4-0103be of size 00000b
(obj/pmalloc.o unit 1 section index 32)
    References:
        _Dp in (pseudoRegisters.o (from clib-lc-ld-foenix.a) unit 6 section index 2)

`?L177` in section 'farcode'  placed at address 0103bf-0103c9 of size 00000b
(obj/pmalloc.o unit 1 section index 33)
    References:
        _Dp in (pseudoRegisters.o (from clib-lc-ld-foenix.a) unit 6 section index 2)

`?L178` in section 'farcode'  placed at address 0103ca-0103d4 of size 00000b
(obj/pmalloc.o unit 1 section index 34)
    References:
        _Dp in (pseudoRegisters.o (from clib-lc-ld-foenix.a) unit 6 section index 2)

`?L23` in section 'farcode'  placed at address 0103d5-0103df of size 00000b
(free.o (from clib-lc-ld-foenix.a) unit 21 section index 3)
    References:
        _Dp in (pseudoRegisters.o (from clib-lc-ld-foenix.a) unit 6 section index 2)

`?L413` in section 'farcode'  placed at address 0103e0-0103ea of size 00000b
(__vsprintf_nofloat.o (from clib-lc-ld-foenix.a) unit 31 section index 17)
    References:
        _Dp in (pseudoRegisters.o (from clib-lc-ld-foenix.a) unit 6 section index 2)

`?L414` in section 'farcode'  placed at address 0103eb-0103f5 of size 00000b
(__vsprintf_nofloat.o (from clib-lc-ld-foenix.a) unit 31 section index 18)
    References:
        _Dp in (pseudoRegisters.o (from clib-lc-ld-foenix.a) unit 6 section index 2)

`?L32` in section 'farcode'  placed at address 0103f6-010401 of size 00000c
(obj/example_basic.o unit 0 section index 3)
    References:
        _Dp in (pseudoRegisters.o (from clib-lc-ld-foenix.a) unit 6 section index 2)
        pmalloc_dump_stats in (obj/pmalloc.o unit 1 section index 14)

pmalloc_totalmem in section 'farcode'
 placed at address 010402-01040d of size 00000c
(obj/pmalloc.o unit 1 section index 8)
    Defines:
        pmalloc_totalmem = 010402
    References:
        _Dp in (pseudoRegisters.o (from clib-lc-ld-foenix.a) unit 6 section index 2)

`?L161` in section 'farcode'  placed at address 01040e-010419 of size 00000c
(obj/pmalloc.o unit 1 section index 18)
    References:
        _Dp in (pseudoRegisters.o (from clib-lc-ld-foenix.a) unit 6 section index 2)

`?L166` in section 'farcode'  placed at address 01041a-010425 of size 00000c
(obj/pmalloc.o unit 1 section index 22)
    References:
        _Dp in (pseudoRegisters.o (from clib-lc-ld-foenix.a) unit 6 section index 2)

`?L171` in section 'farcode'  placed at address 010426-010431 of size 00000c
(obj/pmalloc.o unit 1 section index 27)
    References:
        _Dp in (pseudoRegisters.o (from clib-lc-ld-foenix.a) unit 6 section index 2)

`?L172` in section 'farcode'  placed at address 010432-01043d of size 00000c
(obj/pmalloc.o unit 1 section index 28)
    References:
        _Dp in (pseudoRegisters.o (from clib-lc-ld-foenix.a) unit 6 section index 2)

`?L173` in section 'farcode'  placed at address 01043e-010449 of size 00000c
(obj/pmalloc.o unit 1 section index 29)
    References:
        _Dp in (pseudoRegisters.o (from clib-lc-ld-foenix.a) unit 6 section index 2)

`?L174` in section 'farcode'  placed at address 01044a-010455 of size 00000c
(obj/pmalloc.o unit 1 section index 30)
    References:
        _Dp in (pseudoRegisters.o (from clib-lc-ld-foenix.a) unit 6 section index 2)

`?L402` in section 'farcode'  placed at address 010456-010461 of size 00000c
(__vsprintf_nofloat.o (from clib-lc-ld-foenix.a) unit 31 section index 7)
    References:
        _Dp in (pseudoRegisters.o (from clib-lc-ld-foenix.a) unit 6 section index 2)

`?L405` in section 'farcode'  placed at address 010462-01046d of size 00000c
(__vsprintf_nofloat.o (from clib-lc-ld-foenix.a) unit 31 section index 10)
    References:
        _Dp in (pseudoRegisters.o (from clib-lc-ld-foenix.a) unit 6 section index 2)

`?L409` in section 'farcode'  placed at address 01046e-010479 of size 00000c
(__vsprintf_nofloat.o (from clib-lc-ld-foenix.a) unit 31 section index 14)
    References:
        _Dp in (pseudoRegisters.o (from clib-lc-ld-foenix.a) unit 6 section index 2)

`?L164` in section 'farcode'  placed at address 01047a-010486 of size 00000d
(obj/pmalloc.o unit 1 section index 21)
    References:
        _Dp in (pseudoRegisters.o (from clib-lc-ld-foenix.a) unit 6 section index 2)
        printf in (lib_printf.o (from clib-lc-ld-foenix.a) unit 28 section index 2)

`?L27` in section 'farcode'  placed at address 010487-010493 of size 00000d
(memset_dma.o (from c256-lc-ld-foenix.a) unit 26 section index 3)
    References:
        _Dp in (pseudoRegisters.o (from clib-lc-ld-foenix.a) unit 6 section index 2)

`?L169` in section 'farcode'  placed at address 010494-0104a1 of size 00000e
(obj/pmalloc.o unit 1 section index 25)
    References:
        _Dp in (pseudoRegisters.o (from clib-lc-ld-foenix.a) unit 6 section index 2)

_JmpIndLong in section 'farcode'
 placed at address 0104a2-0104af of size 00000e
(controlFlow.o (from clib-lc-ld-foenix.a) unit 9 section index 3)
    Defines:
        _JmpIndLong = 0104a2
    References:
        _Dp in (pseudoRegisters.o (from clib-lc-ld-foenix.a) unit 6 section index 2)
    Referenced from:
        exit (exit.o (from clib-lc-ld-foenix.a) unit 7 section index 2)
        (__vsprintf_nofloat.o (from clib-lc-ld-foenix.a) unit 31 section index 5)

`?L168` in section 'farcode'  placed at address 0104b0-0104be of size 00000f
(obj/pmalloc.o unit 1 section index 24)
    References:
        _Dp in (pseudoRegisters.o (from clib-lc-ld-foenix.a) unit 6 section index 2)

`?L23` in section 'farcode'  placed at address 0104bf-0104cd of size 00000f
(heap_initialize.o (from clib-lc-ld-foenix.a) unit 23 section index 4)
    References:
        _Dp in (pseudoRegisters.o (from clib-lc-ld-foenix.a) unit 6 section index 2)

`?L29` in section 'farcode'  placed at address 0104ce-0104dc of size 00000f
(memcpy_dma.o (from c256-lc-ld-foenix.a) unit 55 section index 5)
    References:
        _Dp in (pseudoRegisters.o (from clib-lc-ld-foenix.a) unit 6 section index 2)

memset in section 'farcode'  placed at address 0104dd-0104ec of size 000010
(vram_fill.o (from c256-lc-ld-foenix.a) unit 24 section index 2)
    Defines:
        memset = 0104dd
    References:
        _Dp in (pseudoRegisters.o (from clib-lc-ld-foenix.a) unit 6 section index 2)
        memset_dma in (memset_dma.o (from c256-lc-ld-foenix.a) unit 26 section index 2)
    Referenced from:
        __heap_initialize (heap_initialize.o (from clib-lc-ld-foenix.a) unit 23 section index 3)
        __initialize_sections (initialize.o (from clib-lc-ld-foenix.a) unit 51 section index 2)

`?L156` in section 'farcode'  placed at address 0104ed-0104fd of size 000011
(obj/pmalloc.o unit 1 section index 15)
    References:
        _Dp in (pseudoRegisters.o (from clib-lc-ld-foenix.a) unit 6 section index 2)

`?L157` in section 'farcode'  placed at address 0104fe-01050f of size 000012
(obj/pmalloc.o unit 1 section index 16)
    References:
        _Dp in (pseudoRegisters.o (from clib-lc-ld-foenix.a) unit 6 section index 2)

`?L28` in section 'farcode'  placed at address 010510-010524 of size 000015
(memcpy_dma.o (from c256-lc-ld-foenix.a) unit 55 section index 4)
    References:
        DMA_wait_delay in (dma.o (from c256-lc-ld-foenix.a) unit 27 section index 2)

_DivModSign32 in section 'farcode'
 placed at address 010525-01053a of size 000016
(integer.o (from clib-lc-ld-foenix.a) unit 49 section index 14)
    Defines:
        _DivModSign32 = 010525
    References:
        _Dp in (pseudoRegisters.o (from clib-lc-ld-foenix.a) unit 6 section index 2)

`?L37` in section 'farcode'  placed at address 01053b-010550 of size 000016
(lib_libfflush.o (from clib-lc-ld-foenix.a) unit 37 section index 3)
    References:
        _Dp in (pseudoRegisters.o (from clib-lc-ld-foenix.a) unit 6 section index 2)

pmalloc_usedmem in section 'farcode'
 placed at address 010551-010569 of size 000019
(obj/pmalloc.o unit 1 section index 10)
    Defines:
        pmalloc_usedmem = 010551
    References:
        _Dp in (pseudoRegisters.o (from clib-lc-ld-foenix.a) unit 6 section index 2)

`?L162` in section 'farcode'  placed at address 01056a-010582 of size 000019
(obj/pmalloc.o unit 1 section index 19)
    References:
        _Const_000000000000000a in (obj/pmalloc.o unit 1 section index 35)
        _Dp in (pseudoRegisters.o (from clib-lc-ld-foenix.a) unit 6 section index 2)

`?L163` in section 'farcode'  placed at address 010583-01059b of size 000019
(obj/pmalloc.o unit 1 section index 20)
    References:
        _Const_000000000000000a in (obj/pmalloc.o unit 1 section index 35)
        _Dp in (pseudoRegisters.o (from clib-lc-ld-foenix.a) unit 6 section index 2)

__close in section 'farcode'  placed at address 01059c-0105b5 of size 00001a
(lib_fclose.o (from clib-lc-ld-foenix.a) unit 19 section index 2)
    Defines:
        __close = 01059c
    References:
        _Dp in (pseudoRegisters.o (from clib-lc-ld-foenix.a) unit 6 section index 2)
        _Stub_close in (stub_close.o (from c256-lc-ld-foenix.a) unit 17 section index 2)
    Referenced from:
        (streamlist.o (from clib-lc-ld-foenix.a) unit 16 section index 7)
        fclose (lib_fclose.o (from clib-lc-ld-foenix.a) unit 19 section index 3)

stdoutstream_flush in section 'farcode'
 placed at address 0105b6-0105d0 of size 00001b
(lib_stdoutstream.o (from clib-lc-ld-foenix.a) unit 34 section index 3)
    References:
        _Dp in (pseudoRegisters.o (from clib-lc-ld-foenix.a) unit 6 section index 2)
        __lib_fflush in (lib_libfflush.o (from clib-lc-ld-foenix.a) unit 37 section index 2)

__lib_vsprintf in section 'farcode'
 placed at address 0105d1-0105ee of size 00001e
(__vsprintf_nofloat.o (from clib-lc-ld-foenix.a) unit 31 section index 6)
    Defines:
        __lib_vsprintf = 0105d1
    References:
        _Dp in (pseudoRegisters.o (from clib-lc-ld-foenix.a) unit 6 section index 2)
    Referenced from:
        vfprintf (lib_vfprintf.o (from clib-lc-ld-foenix.a) unit 29 section index 2)
        (__vsprintf_nofloat.o (from clib-lc-ld-foenix.a) unit 31 section index 5)

__lib_wrflush in section 'farcode'
 placed at address 0105ef-01060f of size 000021
(lib_wrflush.o (from clib-lc-ld-foenix.a) unit 45 section index 2)
    Defines:
        __lib_wrflush = 0105ef
    References:
        _Dp in (pseudoRegisters.o (from clib-lc-ld-foenix.a) unit 6 section index 2)
        __lib_fflush in (lib_libfflush.o (from clib-lc-ld-foenix.a) unit 37 section index 2)
    Referenced from:
        fseek (lib_fseek.o (from clib-lc-ld-foenix.a) unit 42 section index 2)

_Mul32 in section 'farcode'  placed at address 010610-010634 of size 000025
(integer.o (from clib-lc-ld-foenix.a) unit 49 section index 3)
    Defines:
        _Mul32 = 010610
    References:
        _Dp in (pseudoRegisters.o (from clib-lc-ld-foenix.a) unit 6 section index 2)
    Referenced from:
        main (obj/example_basic.o unit 0 section index 2)

`?L27` in section 'farcode'  placed at address 010635-01065b of size 000027
(memcpy_dma.o (from c256-lc-ld-foenix.a) unit 55 section index 3)
    References:
        _Dp in (pseudoRegisters.o (from clib-lc-ld-foenix.a) unit 6 section index 2)

strnlen in section 'farcode'  placed at address 01065c-010685 of size 00002a
(lib_strnlen.o (from clib-lc-ld-foenix.a) unit 56 section index 2)
    Defines:
        strnlen = 01065c
    References:
        _Dp in (pseudoRegisters.o (from clib-lc-ld-foenix.a) unit 6 section index 2)
    Referenced from:
        (__vsprintf_nofloat.o (from clib-lc-ld-foenix.a) unit 31 section index 5)

pmalloc_overheadmem in section 'farcode'
 placed at address 010686-0106b0 of size 00002b
(obj/pmalloc.o unit 1 section index 11)
    Defines:
        pmalloc_overheadmem = 010686
    References:
        _Dp in (pseudoRegisters.o (from clib-lc-ld-foenix.a) unit 6 section index 2)

atexit in section 'farcode'  placed at address 0106b1-0106dd of size 00002d
(atexit.o (from clib-lc-ld-foenix.a) unit 10 section index 4)
    Defines:
        atexit = 0106b1
    References:
        _Dp in (pseudoRegisters.o (from clib-lc-ld-foenix.a) unit 6 section index 2)
        __atexit in (atexit.o (from clib-lc-ld-foenix.a) unit 10 section index 2)
        __atexit_index in (atexit.o (from clib-lc-ld-foenix.a) unit 10 section index 3)

__size2ndx in section 'farcode'  placed at address 0106de-01070f of size 000032
(addfreechunk.o (from clib-lc-ld-foenix.a) unit 22 section index 2)
    Defines:
        __size2ndx = 0106de
    References:
        _Dp in (pseudoRegisters.o (from clib-lc-ld-foenix.a) unit 6 section index 2)
    Referenced from:
        __addfreechunk (addfreechunk.o (from clib-lc-ld-foenix.a) unit 22 section index 3)

fflush in section 'farcode'  placed at address 010710-010747 of size 000038
(lib_fflush.o (from clib-lc-ld-foenix.a) unit 46 section index 2)
    Defines:
        fflush = 010710
    References:
        _Dp in (pseudoRegisters.o (from clib-lc-ld-foenix.a) unit 6 section index 2)
        __global_streams in (streamlist.o (from clib-lc-ld-foenix.a) unit 16 section index 6)
        __lib_fflush in (lib_libfflush.o (from clib-lc-ld-foenix.a) unit 37 section index 2)
        __lib_flushall in (lib_libflushall.o (from clib-lc-ld-foenix.a) unit 47 section index 2)
        errno in (errno.o (from clib-lc-ld-foenix.a) unit 20 section index 2)
    Referenced from:
        (streamlist.o (from clib-lc-ld-foenix.a) unit 16 section index 7)
        fclose (lib_fclose.o (from clib-lc-ld-foenix.a) unit 19 section index 3)
        __lib_flushall (lib_libflushall.o (from clib-lc-ld-foenix.a) unit 47 section index 2)

printf in section 'farcode'  placed at address 010748-010788 of size 000041
(lib_printf.o (from clib-lc-ld-foenix.a) unit 28 section index 2)
    Defines:
        printf = 010748
    References:
        _Dp in (pseudoRegisters.o (from clib-lc-ld-foenix.a) unit 6 section index 2)
        __global_streams in (streamlist.o (from clib-lc-ld-foenix.a) unit 16 section index 6)
        vfprintf in (lib_vfprintf.o (from clib-lc-ld-foenix.a) unit 29 section index 2)
    Referenced from:
        main (obj/example_basic.o unit 0 section index 2)
        pmalloc_init (obj/pmalloc.o unit 1 section index 2)
        pmalloc_dump_stats (obj/pmalloc.o unit 1 section index 14)
        (obj/pmalloc.o unit 1 section index 21)
        (obj/pmalloc.o unit 1 section index 23)

pmalloc_init in section 'farcode'
 placed at address 010789-0107d3 of size 00004b
(obj/pmalloc.o unit 1 section index 2)
    Defines:
        pmalloc_init = 010789
    References:
        _Dp in (pseudoRegisters.o (from clib-lc-ld-foenix.a) unit 6 section index 2)
        `_StringLiteral_[112,109,97,108,108,111,99,58,32,68,69,66,85,71,32,69,110,97,98,108,101,100,13]` in (obj/pmalloc.o unit 1 section index 45)
        printf in (lib_printf.o (from clib-lc-ld-foenix.a) unit 28 section index 2)
    Referenced from:
        main (obj/example_basic.o unit 0 section index 2)

__initialize_global_streams in section 'farcode'
 placed at address 0107d4-010824 of size 000051
(streamlist.o (from clib-lc-ld-foenix.a) unit 16 section index 8)
    Defines:
        __initialize_global_streams = 0107d4
    References:
        _ExitCloseStreams in (streamlist.o (from clib-lc-ld-foenix.a) unit 16 section index 2)
        __global_streams in (streamlist.o (from clib-lc-ld-foenix.a) unit 16 section index 6)
    Referenced from:
        __call_initialize_global_streams (Foenix-startup.o (from c256-lc-ld-foenix.a) unit 4 section index 4)

__lib_stdoutstream in section 'farcode'
 placed at address 010825-010876 of size 000052
(lib_stdoutstream.o (from clib-lc-ld-foenix.a) unit 34 section index 4)
    Defines:
        __lib_stdoutstream = 010825
    References:
        _Dp in (pseudoRegisters.o (from clib-lc-ld-foenix.a) unit 6 section index 2)
        __lib_noflush in (lib_libnoflush.o (from clib-lc-ld-foenix.a) unit 35 section index 2)
    Referenced from:
        vfprintf (lib_vfprintf.o (from clib-lc-ld-foenix.a) unit 29 section index 2)

_Stub_write in section 'farcode'
 placed at address 010877-0108ca of size 000054
(stub_write.o (from c256-lc-ld-foenix.a) unit 38 section index 2)
    Defines:
        _Stub_write = 010877
    References:
        _Dp in (pseudoRegisters.o (from clib-lc-ld-foenix.a) unit 6 section index 2)
        errno in (errno.o (from clib-lc-ld-foenix.a) unit 20 section index 2)
    Referenced from:
        __lib_fflush (lib_libfflush.o (from clib-lc-ld-foenix.a) unit 37 section index 2)
        __lib_fwrite (lib_libfwrite.o (from clib-lc-ld-foenix.a) unit 40 section index 2)

exit in section 'farcode'  placed at address 0108cb-010920 of size 000056
(exit.o (from clib-lc-ld-foenix.a) unit 7 section index 2)
    Defines:
        exit = 0108cb
    References:
        _Dp in (pseudoRegisters.o (from clib-lc-ld-foenix.a) unit 6 section index 2)
        _Exit in (exitC99.o (from clib-lc-ld-foenix.a) unit 11 section index 2)
        _ExitCloseStreams in (streamlist.o (from clib-lc-ld-foenix.a) unit 16 section index 2)
        _JmpIndLong in (controlFlow.o (from clib-lc-ld-foenix.a) unit 9 section index 3)
        __atexit in (atexit.o (from clib-lc-ld-foenix.a) unit 10 section index 2)
        __atexit_index in (atexit.o (from clib-lc-ld-foenix.a) unit 10 section index 3)
    Referenced from:
        (Foenix-startup.o (from c256-lc-ld-foenix.a) unit 4 section index 6)

vfprintf in section 'farcode'  placed at address 010921-010978 of size 000058
(lib_vfprintf.o (from clib-lc-ld-foenix.a) unit 29 section index 2)
    Defines:
        vfprintf = 010921
    References:
        _Dp in (pseudoRegisters.o (from clib-lc-ld-foenix.a) unit 6 section index 2)
        __lib_stdoutstream in (lib_stdoutstream.o (from clib-lc-ld-foenix.a) unit 34 section index 4)
        __lib_vsprintf in (__vsprintf_nofloat.o (from clib-lc-ld-foenix.a) unit 31 section index 6)
    Referenced from:
        printf (lib_printf.o (from clib-lc-ld-foenix.a) unit 28 section index 2)

closeAllStreams in section 'farcode'
 placed at address 010979-0109d4 of size 00005c
(streamlist.o (from clib-lc-ld-foenix.a) unit 16 section index 7)
    References:
        _Dp in (pseudoRegisters.o (from clib-lc-ld-foenix.a) unit 6 section index 2)
        _Stub_close in (stub_close.o (from c256-lc-ld-foenix.a) unit 17 section index 2)
        __close in (lib_fclose.o (from clib-lc-ld-foenix.a) unit 19 section index 2)
        __global_streams in (streamlist.o (from clib-lc-ld-foenix.a) unit 16 section index 6)
        fflush in (lib_fflush.o (from clib-lc-ld-foenix.a) unit 46 section index 2)

`?L3` in section 'farcode'  placed at address 0109d5-010a31 of size 00005d
(lib_stdoutstream.o (from clib-lc-ld-foenix.a) unit 34 section index 2)
    References:
        _Dp in (pseudoRegisters.o (from clib-lc-ld-foenix.a) unit 6 section index 2)
        errno in (errno.o (from clib-lc-ld-foenix.a) unit 20 section index 2)
        fputc in (lib_fputc.o (from clib-lc-ld-foenix.a) unit 36 section index 2)

__lib_flushall in section 'farcode'
 placed at address 010a32-010aa9 of size 000078
(lib_libflushall.o (from clib-lc-ld-foenix.a) unit 47 section index 2)
    Defines:
        __lib_flushall = 010a32
    References:
        _Dp in (pseudoRegisters.o (from clib-lc-ld-foenix.a) unit 6 section index 2)
        fflush in (lib_fflush.o (from clib-lc-ld-foenix.a) unit 46 section index 2)
    Referenced from:
        fflush (lib_fflush.o (from clib-lc-ld-foenix.a) unit 46 section index 2)

fseek in section 'farcode'  placed at address 010aaa-010b24 of size 00007b
(lib_fseek.o (from clib-lc-ld-foenix.a) unit 42 section index 2)
    Defines:
        fseek = 010aaa
    References:
        _Dp in (pseudoRegisters.o (from clib-lc-ld-foenix.a) unit 6 section index 2)
        _Stub_lseek in (stub_lseek.o (from c256-lc-ld-foenix.a) unit 43 section index 2)
        __lib_rdflush in (lib_rdflush.o (from clib-lc-ld-foenix.a) unit 41 section index 2)
        __lib_wrflush in (lib_wrflush.o (from clib-lc-ld-foenix.a) unit 45 section index 2)
    Referenced from:
        __lib_rdflush (lib_rdflush.o (from clib-lc-ld-foenix.a) unit 41 section index 2)

fputc in section 'farcode'  placed at address 010b25-010ba3 of size 00007f
(lib_fputc.o (from clib-lc-ld-foenix.a) unit 36 section index 2)
    Defines:
        fputc = 010b25
    References:
        _Dp in (pseudoRegisters.o (from clib-lc-ld-foenix.a) unit 6 section index 2)
        __lib_fflush in (lib_libfflush.o (from clib-lc-ld-foenix.a) unit 37 section index 2)
        __lib_fwrite in (lib_libfwrite.o (from clib-lc-ld-foenix.a) unit 40 section index 2)
    Referenced from:
        (lib_stdoutstream.o (from clib-lc-ld-foenix.a) unit 34 section index 2)

pmalloc_item_remove in section 'farcode'
 placed at address 010ba4-010c26 of size 000083
(obj/pmalloc.o unit 1 section index 13)
    Defines:
        pmalloc_item_remove = 010ba4
    References:
        _Dp in (pseudoRegisters.o (from clib-lc-ld-foenix.a) unit 6 section index 2)
    Referenced from:
        pmalloc_malloc (obj/pmalloc.o unit 1 section index 4)
        pmalloc_free (obj/pmalloc.o unit 1 section index 5)
        pmalloc_merge (obj/pmalloc.o unit 1 section index 6)

__initialize_sections in section 'farcode'
 placed at address 010c27-010ca9 of size 000083
(initialize.o (from clib-lc-ld-foenix.a) unit 51 section index 2)
    Defines:
        __initialize_sections = 010c27
    References:
        _Dp in (pseudoRegisters.o (from clib-lc-ld-foenix.a) unit 6 section index 2)
        memcpy in (vram_copy.o (from c256-lc-ld-foenix.a) unit 53 section index 2)
        memset in (vram_fill.o (from c256-lc-ld-foenix.a) unit 24 section index 2)
    Referenced from:
        __data_initialization_needed (Foenix-startup.o (from c256-lc-ld-foenix.a) unit 4 section index 3)

_ValueSwitch16 in section 'farcode'
 placed at address 010caa-010d31 of size 000088
(vswitch16.o (from clib-lc-ld-foenix.a) unit 57 section index 2)
    Defines:
        _ValueSwitch16 = 010caa
    References:
        _Dp in (pseudoRegisters.o (from clib-lc-ld-foenix.a) unit 6 section index 2)
    Referenced from:
        (__vsprintf_nofloat.o (from clib-lc-ld-foenix.a) unit 31 section index 5)

pmalloc_addblock in section 'farcode'
 placed at address 010d32-010dbf of size 00008e
(obj/pmalloc.o unit 1 section index 3)
    Defines:
        pmalloc_addblock = 010d32
    References:
        _Dp in (pseudoRegisters.o (from clib-lc-ld-foenix.a) unit 6 section index 2)
        pmalloc_item_insert in (obj/pmalloc.o unit 1 section index 12)
    Referenced from:
        main (obj/example_basic.o unit 0 section index 2)

pmalloc_free in section 'farcode'
 placed at address 010dc0-010e51 of size 000092
(obj/pmalloc.o unit 1 section index 5)
    Defines:
        pmalloc_free = 010dc0
    References:
        _Dp in (pseudoRegisters.o (from clib-lc-ld-foenix.a) unit 6 section index 2)
        `_StringLiteral_[110,111,100,101,32,61,32,37,112,13]` in (obj/pmalloc.o unit 1 section index 44)
        `_StringLiteral_[112,116,114,32,32,61,32,37,112,13]` in (obj/pmalloc.o unit 1 section index 46)
        pmalloc_item_insert in (obj/pmalloc.o unit 1 section index 12)
        pmalloc_item_remove in (obj/pmalloc.o unit 1 section index 13)
        pmalloc_merge in (obj/pmalloc.o unit 1 section index 6)
    Referenced from:
        main (obj/example_basic.o unit 0 section index 2)

__lib_rdflush in section 'farcode'
 placed at address 010e52-010efb of size 0000aa
(lib_rdflush.o (from clib-lc-ld-foenix.a) unit 41 section index 2)
    Defines:
        __lib_rdflush = 010e52
    References:
        _Dp in (pseudoRegisters.o (from clib-lc-ld-foenix.a) unit 6 section index 2)
        errno in (errno.o (from clib-lc-ld-foenix.a) unit 20 section index 2)
        fseek in (lib_fseek.o (from clib-lc-ld-foenix.a) unit 42 section index 2)
    Referenced from:
        __lib_fwrite (lib_libfwrite.o (from clib-lc-ld-foenix.a) unit 40 section index 2)
        fseek (lib_fseek.o (from clib-lc-ld-foenix.a) unit 42 section index 2)

_UDiv64 in section 'farcode'  placed at address 010efc-010fad of size 0000b2
(integer.o (from clib-lc-ld-foenix.a) unit 49 section index 15)
    Defines:
        _UMod64 = 010eff
        _UDiv64 = 010efc
    References:
        _Dp in (pseudoRegisters.o (from clib-lc-ld-foenix.a) unit 6 section index 2)
    Referenced from:
        __ultoa_invert (__vsprintf_nofloat.o (from clib-lc-ld-foenix.a) unit 31 section index 4)

pmalloc_item_insert in section 'farcode'
 placed at address 010fae-011070 of size 0000c3
(obj/pmalloc.o unit 1 section index 12)
    Defines:
        pmalloc_item_insert = 010fae
    References:
        _Dp in (pseudoRegisters.o (from clib-lc-ld-foenix.a) unit 6 section index 2)
    Referenced from:
        pmalloc_addblock (obj/pmalloc.o unit 1 section index 3)
        pmalloc_malloc (obj/pmalloc.o unit 1 section index 4)
        pmalloc_free (obj/pmalloc.o unit 1 section index 5)

memcpy_dma in section 'farcode'  placed at address 011071-011139 of size 0000c9
(memcpy_dma.o (from c256-lc-ld-foenix.a) unit 55 section index 2)
    Defines:
        memcpy_dma = 011071
    References:
        _Dp in (pseudoRegisters.o (from clib-lc-ld-foenix.a) unit 6 section index 2)
    Referenced from:
        memcpy (vram_copy.o (from c256-lc-ld-foenix.a) unit 53 section index 2)

memset_dma in section 'farcode'  placed at address 01113a-01120a of size 0000d1
(memset_dma.o (from c256-lc-ld-foenix.a) unit 26 section index 2)
    Defines:
        memset_dma = 01113a
    References:
        DMA_wait_delay in (dma.o (from c256-lc-ld-foenix.a) unit 27 section index 2)
        _Dp in (pseudoRegisters.o (from clib-lc-ld-foenix.a) unit 6 section index 2)
    Referenced from:
        memset (vram_fill.o (from c256-lc-ld-foenix.a) unit 24 section index 2)

__addfreechunk in section 'farcode'
 placed at address 01120b-0112eb of size 0000e1
(addfreechunk.o (from clib-lc-ld-foenix.a) unit 22 section index 3)
    Defines:
        __addfreechunk = 01120b
    References:
        _Dp in (pseudoRegisters.o (from clib-lc-ld-foenix.a) unit 6 section index 2)
        __size2ndx in (addfreechunk.o (from clib-lc-ld-foenix.a) unit 22 section index 2)
    Referenced from:
        free (free.o (from clib-lc-ld-foenix.a) unit 21 section index 2)
        __heap_addregion (heap_initialize.o (from clib-lc-ld-foenix.a) unit 23 section index 2)

__heap_addregion in section 'farcode'
 placed at address 0112ec-0113d1 of size 0000e6
(heap_initialize.o (from clib-lc-ld-foenix.a) unit 23 section index 2)
    Defines:
        __heap_addregion = 0112ec
    References:
        _Dp in (pseudoRegisters.o (from clib-lc-ld-foenix.a) unit 6 section index 2)
        __addfreechunk in (addfreechunk.o (from clib-lc-ld-foenix.a) unit 22 section index 3)
    Referenced from:
        __heap_initialize (heap_initialize.o (from clib-lc-ld-foenix.a) unit 23 section index 3)

__heap_initialize in section 'farcode'
 placed at address 0113d2-0114e5 of size 000114
(heap_initialize.o (from clib-lc-ld-foenix.a) unit 23 section index 3)
    Defines:
        __heap_initialize = 0113d2
    References:
        _Dp in (pseudoRegisters.o (from clib-lc-ld-foenix.a) unit 6 section index 2)
        __heap_addregion in (heap_initialize.o (from clib-lc-ld-foenix.a) unit 23 section index 2)
        memset in (vram_fill.o (from c256-lc-ld-foenix.a) unit 24 section index 2)
    Referenced from:
        __call_heap_initialize (Foenix-startup.o (from c256-lc-ld-foenix.a) unit 4 section index 5)

pmalloc_malloc in section 'farcode'
 placed at address 0114e6-011606 of size 000121
(obj/pmalloc.o unit 1 section index 4)
    Defines:
        pmalloc_malloc = 0114e6
    References:
        _Dp in (pseudoRegisters.o (from clib-lc-ld-foenix.a) unit 6 section index 2)
        pmalloc_item_insert in (obj/pmalloc.o unit 1 section index 12)
        pmalloc_item_remove in (obj/pmalloc.o unit 1 section index 13)
        pmalloc_merge in (obj/pmalloc.o unit 1 section index 6)
    Referenced from:
        main (obj/example_basic.o unit 0 section index 2)

pmalloc_merge in section 'farcode'
 placed at address 011607-011732 of size 00012c
(obj/pmalloc.o unit 1 section index 6)
    Defines:
        pmalloc_merge = 011607
    References:
        _Dp in (pseudoRegisters.o (from clib-lc-ld-foenix.a) unit 6 section index 2)
        pmalloc_item_remove in (obj/pmalloc.o unit 1 section index 13)
    Referenced from:
        pmalloc_malloc (obj/pmalloc.o unit 1 section index 4)
        pmalloc_free (obj/pmalloc.o unit 1 section index 5)

__ultoa_invert in section 'farcode'
 placed at address 011733-01185e of size 00012c
(__vsprintf_nofloat.o (from clib-lc-ld-foenix.a) unit 31 section index 4)
    Defines:
        __ultoa_invert = 011733
    References:
        _Dp in (pseudoRegisters.o (from clib-lc-ld-foenix.a) unit 6 section index 2)
        _UDiv64 in (integer.o (from clib-lc-ld-foenix.a) unit 49 section index 15)
        _UMod64 in (integer.o (from clib-lc-ld-foenix.a) unit 49 section index 15)
    Referenced from:
        (__vsprintf_nofloat.o (from clib-lc-ld-foenix.a) unit 31 section index 5)

__lib_fflush in section 'farcode'
 placed at address 01185f-0119b9 of size 00015b
(lib_libfflush.o (from clib-lc-ld-foenix.a) unit 37 section index 2)
    Defines:
        __lib_fflush = 01185f
    References:
        _Dp in (pseudoRegisters.o (from clib-lc-ld-foenix.a) unit 6 section index 2)
        _Stub_write in (stub_write.o (from c256-lc-ld-foenix.a) unit 38 section index 2)
    Referenced from:
        (lib_stdoutstream.o (from clib-lc-ld-foenix.a) unit 34 section index 3)
        fputc (lib_fputc.o (from clib-lc-ld-foenix.a) unit 36 section index 2)
        __lib_fwrite (lib_libfwrite.o (from clib-lc-ld-foenix.a) unit 40 section index 2)
        __lib_wrflush (lib_wrflush.o (from clib-lc-ld-foenix.a) unit 45 section index 2)
        fflush (lib_fflush.o (from clib-lc-ld-foenix.a) unit 46 section index 2)

free in section 'farcode'  placed at address 0119ba-011b19 of size 000160
(free.o (from clib-lc-ld-foenix.a) unit 21 section index 2)
    Defines:
        free = 0119ba
    References:
        _Dp in (pseudoRegisters.o (from clib-lc-ld-foenix.a) unit 6 section index 2)
        __addfreechunk in (addfreechunk.o (from clib-lc-ld-foenix.a) unit 22 section index 3)
        __default_heap in (heap_initialize.o (from clib-lc-ld-foenix.a) unit 23 section index 5)
    Referenced from:
        fclose (lib_fclose.o (from clib-lc-ld-foenix.a) unit 19 section index 3)

main in section 'farcode'  placed at address 011b1a-011c9a of size 000181
(obj/example_basic.o unit 0 section index 2)
    Defines:
        main = 011b1a
    References:
        _Dp in (pseudoRegisters.o (from clib-lc-ld-foenix.a) unit 6 section index 2)
        _Mul32 in (integer.o (from clib-lc-ld-foenix.a) unit 49 section index 3)
        `_StringLiteral_[112,109,97,108,108,111,99,58,32,66,97,115,105,99,32,69,120,97,109,112,108,101,13,13]` in (obj/example_basic.o unit 0 section index 7)
        `_StringLiteral_[65,108,108,111,99,97,116,105,110,103,32,37,108,117,32,98,121,116,101,115,46,46,46,13]` in (obj/example_basic.o unit 0 section index 4)
        `_StringLiteral_[68,101,97,108,108,111,99,97,105,110,103,13]` in (obj/example_basic.o unit 0 section index 5)
        `_StringLiteral_[68,111,110,101,13]` in (obj/example_basic.o unit 0 section index 6)
        pmalloc_addblock in (obj/pmalloc.o unit 1 section index 3)
        pmalloc_free in (obj/pmalloc.o unit 1 section index 5)
        pmalloc_init in (obj/pmalloc.o unit 1 section index 2)
        pmalloc_malloc in (obj/pmalloc.o unit 1 section index 4)
        printf in (lib_printf.o (from clib-lc-ld-foenix.a) unit 28 section index 2)
    Referenced from:
        (Foenix-startup.o (from c256-lc-ld-foenix.a) unit 4 section index 6)

fclose in section 'farcode'  placed at address 011c9b-011e59 of size 0001bf
(lib_fclose.o (from clib-lc-ld-foenix.a) unit 19 section index 3)
    Defines:
        fclose = 011c9b
    References:
        _Dp in (pseudoRegisters.o (from clib-lc-ld-foenix.a) unit 6 section index 2)
        __close in (lib_fclose.o (from clib-lc-ld-foenix.a) unit 19 section index 2)
        __global_streams in (streamlist.o (from clib-lc-ld-foenix.a) unit 16 section index 6)
        errno in (errno.o (from clib-lc-ld-foenix.a) unit 20 section index 2)
        fflush in (lib_fflush.o (from clib-lc-ld-foenix.a) unit 46 section index 2)
        free in (free.o (from clib-lc-ld-foenix.a) unit 21 section index 2)

__lib_fwrite in section 'farcode'
 placed at address 011e5a-01201e of size 0001c5
(lib_libfwrite.o (from clib-lc-ld-foenix.a) unit 40 section index 2)
    Defines:
        __lib_fwrite = 011e5a
    References:
        _Dp in (pseudoRegisters.o (from clib-lc-ld-foenix.a) unit 6 section index 2)
        _Stub_write in (stub_write.o (from c256-lc-ld-foenix.a) unit 38 section index 2)
        __lib_fflush in (lib_libfflush.o (from clib-lc-ld-foenix.a) unit 37 section index 2)
        __lib_rdflush in (lib_rdflush.o (from clib-lc-ld-foenix.a) unit 41 section index 2)
        errno in (errno.o (from clib-lc-ld-foenix.a) unit 20 section index 2)
    Referenced from:
        fputc (lib_fputc.o (from clib-lc-ld-foenix.a) unit 36 section index 2)

pmalloc_dump_stats in section 'farcode'
 placed at address 01201f-0122ad of size 00028f
(obj/pmalloc.o unit 1 section index 14)
    Defines:
        pmalloc_dump_stats = 01201f
    References:
        _Dp in (pseudoRegisters.o (from clib-lc-ld-foenix.a) unit 6 section index 2)
        `_StringLiteral_[32,32,45,32,40,37,48,56,108,108,120,41,32,37,48,56,108,108,120,45,32,37,48,56,108,108,120,45,115,105,122,101,58,37,108,108,100,32,40,37,117,32,115,121,115,44,32,37,104,117,32,117,115,114,41,13]` in (obj/pmalloc.o unit 1 section index 36)
        `_StringLiteral_[32,32,45,32,40,37,48,56,108,108,120,41,32,37,48,56,108,108,120,45,62,37,48,56,108,108,120,45,115,105,122,101,58,37,108,108,100,32,40,37,117,32,115,121,115,44,32,37,104,117,32,117,115,114,41,13]` in (obj/pmalloc.o unit 1 section index 37)
        `_StringLiteral_[32,45,32,102,114,101,101,109,101,109,58,32,37,108,117,13]` in (obj/pmalloc.o unit 1 section index 40)
        `_StringLiteral_[32,45,32,116,111,116,97,108,109,101,109,58,32,37,108,117,13]` in (obj/pmalloc.o unit 1 section index 41)
        `_StringLiteral_[32,45,32,116,111,116,97,108,110,111,100,101,115,58,32,37,108,117,32,40,115,105,122,101,111,102,32,37,100,41,13]` in (obj/pmalloc.o unit 1 section index 42)
        `_StringLiteral_[32,45,32,97,115,115,105,103,110,101,100,58,13]` in (obj/pmalloc.o unit 1 section index 38)
        `_StringLiteral_[32,45,32,97,118,97,105,108,97,98,108,101,58,13]` in (obj/pmalloc.o unit 1 section index 39)
        `_StringLiteral_[45,45,45,45,45,45,45,45,45,45,45,45,45,45,45,45,45,45,45,45,45,13]` in (obj/pmalloc.o unit 1 section index 43)
        printf in (lib_printf.o (from clib-lc-ld-foenix.a) unit 28 section index 2)
    Referenced from:
        (obj/example_basic.o unit 0 section index 3)

`?L167` in section 'farcode'  placed at address 0122ae-01323a of size 000f8d
(__vsprintf_nofloat.o (from clib-lc-ld-foenix.a) unit 31 section index 5)
    References:
        _Dp in (pseudoRegisters.o (from clib-lc-ld-foenix.a) unit 6 section index 2)
        _JmpIndLong in (controlFlow.o (from clib-lc-ld-foenix.a) unit 9 section index 3)
        `_StringLiteral_*float*` in (__vsprintf_nofloat.o (from clib-lc-ld-foenix.a) unit 31 section index 3)
        _ValueSwitch16 in (vswitch16.o (from clib-lc-ld-foenix.a) unit 57 section index 2)
        __lib_vsprintf in (__vsprintf_nofloat.o (from clib-lc-ld-foenix.a) unit 31 section index 6)
        __ultoa_invert in (__vsprintf_nofloat.o (from clib-lc-ld-foenix.a) unit 31 section index 4)
        strnlen in (lib_strnlen.o (from clib-lc-ld-foenix.a) unit 56 section index 2)

Section 'data_init_table'  placed at address 020000-020009 of size 00000a
(linker generated)

__program_start in section 'code'
 placed at address 002200-002214 of size 000015
(Foenix-startup.o (from c256-lc-ld-foenix.a) unit 4 section index 2)
    Defines:
        __program_start = 002200
        __program_root_section = 002200
    References:
        _DirectPageStart
        _NearBaseAddress
        _Vfp in (pseudoRegisters.o (from clib-lc-ld-foenix.a) unit 6 section index 2)
        __low_level_init in (Foenix-startup.o (from c256-lc-ld-foenix.a) unit 4 section index 7)

__data_initialization_needed in section 'code'
 placed at address 002215-002230 of size 00001c
(Foenix-startup.o (from c256-lc-ld-foenix.a) unit 4 section index 3)
    Defines:
        __data_initialization_needed = 002215
    References:
        _Dp in (pseudoRegisters.o (from clib-lc-ld-foenix.a) unit 6 section index 2)
        _InitialStack in (initial-stack.o (from c256-lc-ld-foenix.a) unit 15 section index 2)
        .sectionEnd(data_init_table)
        .sectionStart(data_init_table)
        __initialize_sections in (initialize.o (from clib-lc-ld-foenix.a) unit 51 section index 2)

__call_initialize_global_streams in section 'code'
 placed at address 002231-002234 of size 000004
(Foenix-startup.o (from c256-lc-ld-foenix.a) unit 4 section index 4)
    Defines:
        __call_initialize_global_streams = 002231
    References:
        __initialize_global_streams in (streamlist.o (from clib-lc-ld-foenix.a) unit 16 section index 8)

__call_heap_initialize in section 'code'
 placed at address 002235-002252 of size 00001e
(Foenix-startup.o (from c256-lc-ld-foenix.a) unit 4 section index 5)
    Defines:
        __call_heap_initialize = 002235
    References:
        _Dp in (pseudoRegisters.o (from clib-lc-ld-foenix.a) unit 6 section index 2)
        .sectionSize(heap)
        .sectionStart(heap)
        __default_heap in (heap_initialize.o (from clib-lc-ld-foenix.a) unit 23 section index 5)
        __heap_initialize in (heap_initialize.o (from clib-lc-ld-foenix.a) unit 23 section index 3)

Section 'code'  placed at address 002253-00225d of size 00000b
(Foenix-startup.o (from c256-lc-ld-foenix.a) unit 4 section index 6)
    References:
        exit in (exit.o (from clib-lc-ld-foenix.a) unit 7 section index 2)
        main in (obj/example_basic.o unit 0 section index 2)

Section 'heap'  placed at address 00225e-00325d of size 001000
(linker generated)

_Dp in section 'registers'  placed at address 002100-002113 of size 000014
(pseudoRegisters.o (from clib-lc-ld-foenix.a) unit 6 section index 2)
    Defines:
        _Vfp = 002110
        _Dp = 002100
    Referenced from:
        main (obj/example_basic.o unit 0 section index 2)
        (obj/example_basic.o unit 0 section index 3)
        pmalloc_init (obj/pmalloc.o unit 1 section index 2)
        pmalloc_addblock (obj/pmalloc.o unit 1 section index 3)
        pmalloc_malloc (obj/pmalloc.o unit 1 section index 4)
        pmalloc_free (obj/pmalloc.o unit 1 section index 5)
        pmalloc_merge (obj/pmalloc.o unit 1 section index 6)
        pmalloc_sizeof (obj/pmalloc.o unit 1 section index 7)
        ... 81 more

##########################
#                        #
# Memory sizes (decimal) #
#                        #
##########################

Executable       (Text): 12576 bytes
Data                   :   387 bytes
Non-initialized        :  4116 bytes
